// Jest Snapshot v1, https://goo.gl/fbAQLP

exports[`<TouchButton /> renders correctly 1`] = `
<View
  style={
    Object {
      "alignItems": "center",
      "flex": 1,
      "justifyContent": "center",
    }
  }
>
  <View
    accessible={true}
    focusable={false}
    onClick={[Function]}
    onResponderGrant={[Function]}
    onResponderMove={[Function]}
    onResponderRelease={[Function]}
    onResponderTerminate={[Function]}
    onResponderTerminationRequest={[Function]}
    onStartShouldSetResponder={[Function]}
    style={
      Object {
        "backgroundColor": "red",
        "height": 50,
        "justifyContent": "center",
        "opacity": 1,
        "width": 200,
      }
    }
  >
    <Text
      style={
        Object {
          "textAlign": "center",
        }
      }
    >
      Click Me!
    </Text>
  </View>
</View>
`;
